// Jest Snapshot v1, https://goo.gl/fbAQLP

exports[`should parse dates correctly 1`] = `
Object {
  "date": Any<Date>,
}
`;
